\BOOKMARK [1][-]{section*.2}{\376\377\000N\000o\000t\000a\000s\000j\000o\000n\000:\000\040\000S\0001\000,\000\040\000S\0002\000,\000\040\000S\0003}{}% 1
\BOOKMARK [1][-]{section*.3}{\376\377\000A\000n\000b\000e\000f\000a\000l\000t\000\040\000l\000e\000s\000e\000r\000e\000k\000k\000e\000f\000\370\000l\000g\000e}{}% 2
\BOOKMARK [0][-]{part.1}{\376\377\000I\000\040\000S\000p\000\370\000r\000s\000m\000\345\000l}{}% 3
\BOOKMARK [1][-]{section.1}{\376\377\000Q\0000\0001\000:\000\040\000D\000e\000\040\0005\000\040\000c\000e\000n\000t\000e\000r\000t\000y\000p\000e\000r\000\040\040\023\000\040\000f\000o\000r\000d\000e\000l\000e\000,\000\040\000u\000l\000e\000m\000p\000e\000r\000\040\000o\000g\000\040\000f\000o\000r\000u\000t\000s\000e\000t\000n\000i\000n\000g\000e\000r}{part.1}% 4
\BOOKMARK [1][-]{section.2}{\376\377\000Q\0000\0002\000:\000\040\000T\000r\000a\000n\000s\000f\000e\000r\000\040\000P\000r\000i\000c\000i\000n\000g\000\040\040\023\000\040\000u\000n\000d\000e\000r\000\040\000c\000o\000s\000t\000l\000e\000s\000s\000\040\000o\000g\000\040\000a\000s\000y\000m\000m\000e\000t\000r\000i\000s\000k\000\040\000i\000n\000f\000o\000r\000m\000a\000s\000j\000o\000n}{part.1}% 5
\BOOKMARK [1][-]{section.3}{\376\377\000Q\0000\0003\000:\000\040\0005\000\040\000i\000n\000c\000i\000t\000a\000m\000e\000n\000t\000k\000o\000n\000f\000l\000i\000k\000t\000e\000r\000\040\000m\000e\000l\000l\000e\000m\000\040\000e\000j\000e\000r\000e\000\040\000o\000g\000\040\000v\000i\000r\000k\000s\000o\000m\000h\000e\000d\000s\000l\000e\000d\000e\000r\000e\000\040\040\023\000\040\000c\000o\000s\000t\000l\000e\000s\000s\000\040\000c\000o\000n\000t\000r\000a\000c\000t\000i\000n\000g}{part.1}% 6
\BOOKMARK [1][-]{section.4}{\376\377\000Q\0000\0004\000:\000\040\000D\000e\000\040\0005\000\040\000i\000n\000c\000i\000t\000a\000m\000e\000n\000t\000k\000o\000n\000f\000l\000i\000k\000t\000e\000r\000\040\040\023\000\040\000p\000r\000i\000n\000c\000i\000p\000a\000l\000-\000a\000g\000e\000n\000t\000\040\000u\000n\000d\000e\000r\000\040\000c\000o\000s\000t\000l\000y\000\040\000c\000o\000n\000t\000r\000a\000c\000t\000i\000n\000g\000\040\000o\000g\000\040\000a\000s\000y\000m\000m\000e\000t\000r\000i\000s\000k\000\040\000i\000n\000f\000o\000r\000m\000a\000s\000j\000o\000n}{part.1}% 7
\BOOKMARK [1][-]{section.5}{\376\377\000Q\0000\0005\000:\000\040\000A\000g\000e\000n\000t\000o\000m\000k\000o\000s\000t\000n\000i\000n\000g\000e\000r\000,\000\040\000v\000i\000d\000e\000n\000,\000\040\000i\000n\000s\000e\000n\000t\000i\000v\000e\000r\000\040\040\023\000\040\000o\000g\000\040\000a\000r\000k\000i\000t\000e\000k\000t\000u\000r\000e\000n\000s\000\040\000t\000r\000e\000\040\000b\000e\000n}{part.1}% 8
\BOOKMARK [1][-]{section.6}{\376\377\000Q\0000\0006\000:\000\040\000C\000e\000n\000t\000r\000a\000l\000i\000s\000e\000r\000i\000n\000g\000\040\000v\000s\000.\000\040\000d\000e\000c\000e\000n\000t\000r\000a\000l\000i\000s\000e\000r\000i\000n\000g\000\040\040\023\000\040\000t\000r\000a\000d\000e\000-\000o\000f\000f\000s\000\040\000o\000g\000\040\000o\000p\000t\000i\000m\000a\000l\000\040\000g\000r\000a\000d}{part.1}% 9
\BOOKMARK [1][-]{section.7}{\376\377\000Q\0000\0007\000:\000\040\000D\000e\000c\000i\000s\000i\000o\000n\000\040\000M\000a\000n\000a\000g\000e\000m\000e\000n\000t\000\040\000o\000g\000\040\000D\000e\000c\000i\000s\000i\000o\000n\000\040\000C\000o\000n\000t\000r\000o\000l\000\040\040\023\000\040\000d\000e\000\040\0004\000\040\000e\000l\000e\000m\000e\000n\000t\000e\000n\000e}{part.1}% 10
\BOOKMARK [1][-]{section.8}{\376\377\000Q\0000\0008\000:\000\040\000T\000i\000l\000t\000r\000e\000k\000k\000e\000\040\000o\000g\000\040\000a\000f\000l\000\370\000n\000n\000e\000\040\000m\000e\000d\000a\000r\000b\000e\000i\000d\000e\000r\000e\000\040\040\023\000\040\000r\000e\000s\000e\000r\000v\000a\000t\000i\000o\000n\000\040\000u\000t\000i\000l\000i\000t\000y\000,\000\040\000c\000o\000m\000p\000e\000n\000s\000a\000t\000i\000n\000g\000\040\000d\000i\000f\000f\000e\000r\000e\000n\000t\000i\000a\000l\000s\000,\000\040\000s\000u\000p\000e\000r\000i\000o\000r\000\040\000a\000s\000s\000e\000t\000s\000,\000\040\000s\000a\000l\000a\000r\000y\040\023\000f\000r\000i\000n\000g\000e\000-\000m\000i\000x}{part.1}% 11
\BOOKMARK [1][-]{section.9}{\376\377\000Q\0000\0009\000:\000\040\000O\000p\000t\000i\000m\000a\000l\000e\000\040\000v\000a\000l\000g\000\040\000a\000v\000\040\000m\000e\000d\000a\000r\000b\000e\000i\000d\000e\000r\000e\000s\000\040\000i\000n\000n\000s\000a\000t\000s\000\040\040\023\000\040\000a\000g\000e\000n\000t\000e\000n\000s\000\040\000o\000g\000\040\000p\000r\000i\000n\000s\000i\000p\000a\000l\000e\000n\000s\000\040\000s\000i\000d\000e}{part.1}% 12
\BOOKMARK [1][-]{section.10}{\376\377\000Q\0001\0000\000:\000\040\000I\000n\000d\000i\000v\000i\000d\000u\000e\000l\000l\000\040\000p\000r\000e\000s\000t\000a\000s\000j\000o\000n\000s\000m\000\345\000l\000i\000n\000g\000\040\000o\000g\000\040\000-\000b\000e\000l\000\370\000n\000n\000i\000n\000g\000\040\040\023\000\040\000f\000o\000r\000m\000\345\000l\000\040\000o\000g\000\040\000b\000e\000g\000r\000e\000p\000e\000r}{part.1}% 13
\BOOKMARK [1][-]{section.11}{\376\377\000Q\0001\0001\000:\000\040\000B\000o\000u\000n\000d\000a\000r\000i\000e\000s\000\040\000o\000f\000\040\000t\000h\000e\000\040\000F\000i\000r\000m\000\040\040\023\000\040\000v\000e\000r\000t\000i\000k\000a\000l\000\040\000i\000n\000t\000e\000g\000r\000a\000s\000j\000o\000n\000,\000\040\000o\000u\000t\000s\000o\000u\000r\000c\000i\000n\000g\000\040\000o\000g\000\040\000m\000a\000r\000k\000e\000t\000\040\000p\000o\000w\000e\000r}{part.1}% 14
\BOOKMARK [1][-]{section.12}{\376\377\000Q\0001\0002\000:\000\040\000V\000e\000r\000t\000i\000k\000a\000l\000\040\000i\000n\000t\000e\000g\000r\000a\000s\000j\000o\000n\000\040\000v\000s\000.\000\040\000o\000u\000t\000s\000o\000u\000r\000c\000i\000n\000g\000\040\040\023\000\040\000h\000o\000l\000d\000-\000u\000p\000,\000\040\000f\000r\000e\000e\000-\000r\000i\000d\000e\000r\000,\000\040\000d\000o\000u\000b\000l\000e\000\040\000m\000a\000r\000k\000u\000p}{part.1}% 15
\BOOKMARK [1][-]{section.13}{\376\377\000Q\0001\0003\000:\000\040\000R\000e\000g\000u\000l\000e\000r\000i\000n\000g\000\040\040\023\000\040\000o\000f\000f\000e\000n\000t\000l\000i\000g\000\040\000i\000n\000d\000g\000r\000i\000b\000e\000n\000,\000\040\000b\000r\000a\000n\000c\000h\000e\000-\000p\000r\000o\000f\000i\000t\000\040\000o\000g\000\040\000p\000o\000l\000i\000t\000i\000c\000a\000l\000\040\000s\000u\000p\000p\000o\000r\000t}{part.1}% 16
\BOOKMARK [1][-]{section.14}{\376\377\000Q\0001\0004\000:\000\040\000I\000n\000f\000o\000r\000m\000a\000t\000i\000v\000e\000n\000e\000s\000s\000-\000p\000r\000i\000n\000s\000i\000p\000p\000e\000t\000\040\040\023\000\040\000k\000o\000n\000t\000r\000o\000l\000l\000e\000r\000b\000a\000r\000h\000e\000d\000,\000\040\000r\000i\000s\000i\000k\000o\000d\000e\000l\000i\000n\000g\000,\000\040\000p\000r\000e\000s\000i\000s\000j\000o\000n\000,\000\040\000r\000i\000s\000i\000k\000o\000p\000r\000\346\000m\000i\000e}{part.1}% 17
\BOOKMARK [1][-]{section.15}{\376\377\000Q\0001\0005\000:\000\040\000N\000y\000t\000t\000e\000f\000u\000n\000k\000s\000j\000o\000n\000e\000r\000\040\040\023\000\040\000i\000n\000t\000e\000g\000r\000i\000t\000e\000t\000\040\000v\000s\000.\000\040\000i\000n\000d\000k\000o\000m\000s\000t\000,\000\040\000r\000i\000s\000i\000k\000o\000\040\000v\000s\000.\000\040\000f\000o\000r\000v\000e\000n\000t\000e\000t\000\040\000v\000e\000r\000d\000i}{part.1}% 18
\BOOKMARK [0][-]{part.2}{\376\377\000I\000I\000\040\000T\000e\000o\000r\000i\000e\000r\000\040\000\050\000u\000t\000d\000y\000p\000e\000n\000d\000e\000\051}{}% 19
\BOOKMARK [1][-]{section.16}{\376\377\000R\000e\000s\000p\000o\000n\000s\000i\000b\000i\000l\000i\000t\000y\000\040\000C\000e\000n\000t\000e\000r\000s\000\040\040\023\000\040\000d\000e\000\040\0005\000\040\000c\000e\000n\000t\000e\000r\000t\000y\000p\000e\000r}{part.2}% 20
\BOOKMARK [1][-]{section.17}{\376\377\000C\000o\000n\000t\000r\000o\000l\000l\000a\000b\000i\000l\000i\000t\000y\000-\000p\000r\000i\000n\000s\000i\000p\000p\000e\000t}{part.2}% 21
\BOOKMARK [1][-]{section.18}{\376\377\000T\000r\000a\000n\000s\000f\000e\000r\000\040\000P\000r\000i\000c\000i\000n\000g\000\040\040\023\000\040\000i\000n\000t\000e\000r\000n\000e\000\040\000a\000f\000r\000e\000g\000n\000i\000n\000g\000s\000p\000r\000i\000s\000e\000r}{part.2}% 22
\BOOKMARK [1][-]{section.19}{\376\377\000P\000r\000i\000n\000c\000i\000p\000a\000l\000-\000A\000g\000e\000n\000t\000-\000t\000e\000o\000r\000i}{part.2}% 23
\BOOKMARK [1][-]{section.20}{\376\377\000D\000e\000\040\0005\000\040\000i\000n\000c\000i\000t\000a\000m\000e\000n\000t\000k\000o\000n\000f\000l\000i\000k\000t\000e\000r\000\040\000m\000e\000l\000l\000o\000m\000\040\000e\000i\000e\000r\000e\000\040\000o\000g\000\040\000v\000i\000r\000k\000s\000o\000m\000h\000e\000t\000s\000l\000e\000d\000e\000r\000e}{part.2}% 24
\BOOKMARK [1][-]{section.21}{\376\377\000C\000o\000s\000t\000l\000e\000s\000s\000\040\000C\000o\000n\000t\000r\000a\000c\000t\000i\000n\000g\000\040\000\050\000b\000e\000n\000c\000h\000m\000a\000r\000k\000\051}{part.2}% 25
\BOOKMARK [1][-]{section.22}{\376\377\000C\000o\000s\000t\000l\000y\000\040\000C\000o\000n\000t\000r\000a\000c\000t\000i\000n\000g}{part.2}% 26
\BOOKMARK [1][-]{section.23}{\376\377\000S\000p\000i\000l\000t\000e\000o\000r\000i\000\040\000\050\000G\000a\000m\000e\000\040\000T\000h\000e\000o\000r\000y\000\051}{part.2}% 27
\BOOKMARK [1][-]{section.24}{\376\377\000M\000o\000r\000a\000l\000\040\000H\000a\000z\000a\000r\000d}{part.2}% 28
\BOOKMARK [1][-]{section.25}{\376\377\000A\000d\000v\000e\000r\000s\000e\000\040\000S\000e\000l\000e\000c\000t\000i\000o\000n}{part.2}% 29
\BOOKMARK [1][-]{section.26}{\376\377\000O\000r\000g\000a\000n\000i\000z\000a\000t\000i\000o\000n\000a\000l\000\040\000A\000r\000c\000h\000i\000t\000e\000c\000t\000u\000r\000e\000\040\040\023\000\040\000d\000e\000n\000\040\000t\000r\000e\000-\000b\000e\000n\000e\000d\000e\000\040\000s\000k\000a\000m\000m\000e\000l\000e\000n}{part.2}% 30
\BOOKMARK [1][-]{section.27}{\376\377\000A\000g\000e\000n\000t\000o\000m\000k\000o\000s\000t\000n\000i\000n\000g\000e\000r\000\040\000\050\000A\000g\000e\000n\000c\000y\000\040\000C\000o\000s\000t\000s\000\051}{part.2}% 31
\BOOKMARK [1][-]{section.28}{\376\377\000S\000p\000e\000s\000i\000f\000i\000k\000\040\000v\000s\000.\000\040\000g\000e\000n\000e\000r\000e\000l\000l\000\040\000v\000i\000d\000e\000n}{part.2}% 32
\BOOKMARK [1][-]{section.29}{\376\377\000C\000e\000n\000t\000r\000a\000l\000i\000s\000e\000r\000i\000n\000g\000\040\000v\000s\000.\000\040\000d\000e\000s\000e\000n\000t\000r\000a\000l\000i\000s\000e\000r\000i\000n\000g}{part.2}% 33
\BOOKMARK [1][-]{section.30}{\376\377\000O\000p\000t\000i\000m\000a\000l\000\040\000d\000e\000c\000e\000n\000t\000r\000a\000l\000i\000s\000e\000r\000i\000n\000g\000s\000m\000o\000d\000e\000l\000l}{part.2}% 34
\BOOKMARK [1][-]{section.31}{\376\377\000D\000e\000c\000i\000s\000i\000o\000n\000\040\000M\000a\000n\000a\000g\000e\000m\000e\000n\000t\000\040\000v\000s\000.\000\040\000D\000e\000c\000i\000s\000i\000o\000n\000\040\000C\000o\000n\000t\000r\000o\000l}{part.2}% 35
\BOOKMARK [1][-]{section.32}{\376\377\000E\000k\000s\000t\000e\000r\000n\000a\000l\000i\000t\000e\000t\000e\000r}{part.2}% 36
\BOOKMARK [1][-]{section.33}{\376\377\000R\000e\000s\000i\000d\000u\000a\000l\000\040\000c\000l\000a\000i\000m\000a\000n\000t\000s}{part.2}% 37
\BOOKMARK [1][-]{section.34}{\376\377\000A\000l\000l\000o\000k\000e\000r\000i\000n\000g\000\040\000a\000v\000\040\000b\000e\000s\000l\000u\000t\000n\000i\000n\000g\000s\000r\000e\000t\000t\000i\000g\000h\000e\000t\000e\000r}{part.2}% 38
\BOOKMARK [1][-]{section.35}{\376\377\000R\000e\000s\000e\000r\000v\000a\000t\000i\000o\000n\000\040\000u\000t\000i\000l\000i\000t\000y}{part.2}% 39
\BOOKMARK [1][-]{section.36}{\376\377\000C\000o\000m\000p\000e\000n\000s\000a\000t\000i\000n\000g\000\040\000d\000i\000f\000f\000e\000r\000e\000n\000t\000i\000a\000l\000s}{part.2}% 40
\BOOKMARK [1][-]{section.37}{\376\377\000S\000u\000p\000e\000r\000i\000o\000r\000\040\000a\000s\000s\000e\000t\000s\000\040\000\050\000f\000i\000r\000m\000-\000s\000p\000e\000c\000i\000f\000i\000c\000\040\000a\000s\000s\000e\000t\000s\000\051}{part.2}% 41
\BOOKMARK [1][-]{section.38}{\376\377\000S\000a\000l\000a\000r\000y\000\040\000v\000s\000.\000\040\000f\000r\000i\000n\000g\000e\000\040\000b\000e\000n\000e\000f\000i\000t\000s\000-\000m\000o\000d\000e\000l\000l\000e\000n}{part.2}% 42
\BOOKMARK [1][-]{section.39}{\376\377\000O\000p\000t\000i\000m\000a\000l\000\040\000e\000f\000f\000o\000r\000t\000-\000m\000o\000d\000e\000l\000l\000\040\000\050\000a\000g\000e\000n\000t\000-\000\040\000o\000g\000\040\000p\000r\000i\000n\000s\000i\000p\000a\000l\000s\000i\000d\000e\000\051}{part.2}% 43
\BOOKMARK [1][-]{section.40}{\376\377\000I\000n\000c\000i\000t\000a\000m\000e\000n\000t\000s\000k\000o\000e\000f\000f\000i\000c\000i\000e\000n\000t\000\040\000\050\000\051}{part.2}% 44
\BOOKMARK [1][-]{section.41}{\376\377\000R\000i\000s\000k\000\040\000s\000h\000a\000r\000i\000n\000g\000\040\000\050\000r\000i\000s\000i\000k\000o\000d\000e\000l\000i\000n\000g\000\051}{part.2}% 45
\BOOKMARK [1][-]{section.42}{\376\377\000P\000r\000\346\000s\000t\000a\000t\000i\000o\000n\000s\000u\000a\000f\000h\000\346\000n\000g\000i\000g\000\040\000v\000s\000.\000\040\000v\000a\000r\000i\000a\000b\000e\000l\000\040\000l\000\370\000n\000n\000\040\000\050\000W\0000\000\040\000v\000s\000.\000\040\000Q\000\051}{part.2}% 46
\BOOKMARK [1][-]{section.43}{\376\377\000F\000o\000r\000m\000\345\000l\000e\000n\000e\000\040\000m\000e\000d\000\040\000i\000n\000d\000i\000v\000i\000d\000u\000e\000l\000l\000\040\000p\000r\000e\000s\000t\000a\000s\000j\000o\000n\000s\000m\000\345\000l\000i\000n\000g\000\040\000o\000g\000\040\000-\000b\000e\000l\000\370\000n\000n\000i\000n\000g}{part.2}% 47
\BOOKMARK [1][-]{section.44}{\376\377\000R\000a\000t\000c\000h\000e\000t\000-\000s\000y\000s\000t\000e\000m\000\040\000o\000g\000\040\000r\000a\000t\000c\000h\000e\000t\000-\000e\000f\000f\000e\000k\000t\000e\000n}{part.2}% 48
\BOOKMARK [1][-]{section.45}{\376\377\000G\000a\000m\000i\000n\000g\000\040\000o\000g\000\040\000h\000o\000r\000i\000s\000o\000n\000t\000p\000r\000o\000b\000l\000e\000m}{part.2}% 49
\BOOKMARK [1][-]{section.46}{\376\377\000A\000b\000s\000o\000l\000u\000t\000t\000\040\000v\000s\000.\000\040\000r\000e\000l\000a\000t\000i\000v\000\040\000p\000r\000e\000s\000t\000a\000s\000j\000o\000n\000s\000m\000\345\000l\000i\000n\000g}{part.2}% 50
\BOOKMARK [1][-]{section.47}{\376\377\000S\000u\000b\000j\000e\000k\000t\000i\000v\000\040\000v\000s\000.\000\040\000o\000b\000j\000e\000k\000t\000i\000v\000\040\000p\000r\000e\000s\000t\000a\000s\000j\000o\000n\000s\000m\000\345\000l\000i\000n\000g}{part.2}% 51
\BOOKMARK [1][-]{section.48}{\376\377\000B\000o\000u\000n\000d\000a\000r\000i\000e\000s\000\040\000o\000f\000\040\000t\000h\000e\000\040\000F\000i\000r\000m}{part.2}% 52
\BOOKMARK [1][-]{section.49}{\376\377\000A\000c\000c\000o\000u\000n\000t\000i\000n\000g\000\040\000v\000s\000.\000\040\000E\000c\000o\000n\000o\000m\000i\000c\000\040\000P\000r\000o\000f\000i\000t}{part.2}% 53
\BOOKMARK [1][-]{section.50}{\376\377\000V\000e\000r\000t\000i\000k\000a\000l\000\040\000i\000n\000t\000e\000g\000r\000a\000s\000j\000o\000n\000\040\000o\000g\000\040\000o\000u\000t\000s\000o\000u\000r\000c\000i\000n\000g}{part.2}% 54
\BOOKMARK [1][-]{section.51}{\376\377\000V\000e\000r\000t\000i\000k\000a\000l\000\040\000i\000n\000t\000e\000g\000r\000a\000s\000j\000o\000n\000\040\000o\000g\000\040\000m\000a\000r\000k\000e\000t\000\040\000p\000o\000w\000e\000r}{part.2}% 55
\BOOKMARK [1][-]{section.52}{\376\377\000H\000o\000l\000d\000-\000u\000p\000-\000p\000r\000o\000b\000l\000e\000m\000e\000t}{part.2}% 56
\BOOKMARK [1][-]{section.53}{\376\377\000F\000r\000e\000e\000-\000r\000i\000d\000e\000r\000-\000p\000r\000o\000b\000l\000e\000m\000e\000t\000\040\000\050\000n\000e\000d\000s\000t\000r\000\370\000m\000s\000\051}{part.2}% 57
\BOOKMARK [1][-]{section.54}{\376\377\000D\000o\000u\000b\000l\000e\000\040\000m\000a\000r\000k\000u\000p\000-\000p\000r\000o\000b\000l\000e\000m\000e\000t\000\040\000\050\000d\000o\000b\000b\000e\000l\000\040\000m\000a\000r\000g\000i\000n\000a\000l\000i\000s\000e\000r\000i\000n\000g\000\051}{part.2}% 58
\BOOKMARK [1][-]{section.55}{\376\377\000M\000a\000r\000k\000e\000d\000s\000s\000v\000i\000k\000t\000\040\000o\000g\000\040\000r\000e\000g\000u\000l\000e\000r\000i\000n\000g}{part.2}% 59
\BOOKMARK [1][-]{section.56}{\376\377\000R\000e\000g\000u\000l\000a\000t\000e\000d\000\040\000p\000r\000i\000c\000i\000n\000g\000-\000m\000o\000d\000e\000l\000l\000e\000n\000\040\000\050\000b\000r\000a\000n\000c\000h\000e\000-\000p\000r\000o\000f\000i\000t\000\040\000o\000g\000\040\000p\000o\000l\000i\000t\000i\000c\000a\000l\000\040\000s\000u\000p\000p\000o\000r\000t\000\051}{part.2}% 60
\BOOKMARK [1][-]{section.57}{\376\377\000I\000n\000f\000o\000r\000m\000a\000t\000i\000v\000e\000n\000e\000s\000s\000-\000p\000r\000i\000n\000s\000i\000p\000p\000e\000t}{part.2}% 61
\BOOKMARK [1][-]{section.58}{\376\377\000I\000n\000t\000e\000g\000r\000i\000t\000y\000\040\000v\000s\000.\000\040\000I\000n\000c\000o\000m\000e\000-\000m\000o\000d\000e\000l\000l\000e\000n}{part.2}% 62
\BOOKMARK [1][-]{section.59}{\376\377\000R\000i\000s\000k\040\023\000E\000x\000p\000e\000c\000t\000e\000d\000\040\000V\000a\000l\000u\000e\000-\000m\000o\000d\000e\000l\000l\000e\000n\000\040\000\050\000i\000n\000d\000i\000f\000f\000e\000r\000e\000n\000s\000k\000u\000r\000v\000e\000r\000\040\000i\000\040\000\050\000,\000\040\000E\000[\000W\000]\000\051\000-\000r\000o\000m\000m\000e\000t\000\051}{part.2}% 63
